<?xml version="1.0" encoding="UTF-8"?>
<testsuites name="jest tests" tests="1" failures="0" errors="0" time="2.007">
  <testsuite name="neopyter" errors="0" failures="0" skipped="0" timestamp="2023-12-25T18:18:35" time="1.762" tests="1">
    <testcase classname="neopyter simple rpc call" name="neopyter simple rpc call" time="0.016">
    </testcase>
  </testsuite>
</testsuites>